// Jest Snapshot v1, https://goo.gl/fbAQLP

exports[`test App component check whether the component renders correctly 1`] = `
Object {
  "asFragment": [Function],
  "baseElement": <body>
    <div>
      <div
        class="App"
      >
        <div
          class="header"
        >
          <h1>
            Fight Covid-19
             
            <span>
              <svg
                class="user-icon"
                fill="currentColor"
                height="1em"
                stroke="currentColor"
                stroke-width="0"
                viewBox="0 0 24 24"
                width="1em"
                xmlns="http://www.w3.org/2000/svg"
              >
                <g>
                  <path
                    d="M0 0H24V24H0z"
                    fill="none"
                  />
                  <path
                    d="M13.717 1.947l3.734 1.434-.717 1.867-.934-.359-.746 1.945c.779.462 1.444 1.094 1.945 1.846l1.903-.847-.407-.914 1.827-.813 1.627 3.654-1.827.813-.407-.913-1.902.847c.122.477.187.978.187 1.493 0 .406-.04.803-.117 1.187l1.944.746.358-.933 1.868.717-1.434 3.734-1.867-.717.358-.933-1.944-.747c-.462.779-1.094 1.444-1.846 1.945l.847 1.903.914-.407.813 1.827-3.654 1.627-.813-1.827.913-.407-.847-1.902c-.477.122-.978.187-1.493.187-.407 0-.804-.04-1.188-.118l-.746 1.945.934.358-.717 1.868-3.734-1.434.717-1.867.932.358.748-1.944C8.167 16.704 7.502 16.072 7 15.32l-1.903.847.407.914-1.827.813-1.627-3.654 1.827-.813.406.914 1.903-.848C6.065 13.016 6 12.515 6 12c0-.406.04-.803.117-1.187l-1.945-.746-.357.933-1.868-.717L3.381 6.55l1.867.717-.359.933 1.945.747C7.296 8.167 7.928 7.502 8.68 7l-.847-1.903-.914.407-.813-1.827L9.76 2.051l.813 1.827-.913.407.847 1.902C10.984 6.065 11.485 6 12 6c.406 0 .803.04 1.187.117l.745-1.945L13 3.815l.717-1.868zm-3.583 11.285c-.276.478-.112 1.09.366 1.366s1.09.112 1.366-.366.112-1.09-.366-1.366-1.09-.112-1.366.366zM14 11c-.552 0-1 .448-1 1s.448 1 1 1 1-.448 1-1-.448-1-1-1zm-3.5-1.598c-.478.276-.642.888-.366 1.366.276.478.888.642 1.366.366.478-.276.642-.888.366-1.366-.276-.478-.888-.642-1.366-.366z"
                  />
                </g>
              </svg>
            </span>
          </h1>
          <div
            class="setings"
          >
            <svg
              fill="currentColor"
              height="1em"
              stroke="currentColor"
              stroke-width="0"
              viewBox="0 0 24 24"
              width="1em"
              xmlns="http://www.w3.org/2000/svg"
            >
              <path
                d="M16 12V6c0-2.217-1.785-4.021-3.979-4.021a.933.933 0 0 0-.209.025A4.006 4.006 0 0 0 8 6v6c0 2.206 1.794 4 4 4s4-1.794 4-4zm-6 0V6c0-1.103.897-2 2-2a.89.89 0 0 0 .163-.015C13.188 4.06 14 4.935 14 6v6c0 1.103-.897 2-2 2s-2-.897-2-2z"
              />
              <path
                d="M6 12H4c0 4.072 3.061 7.436 7 7.931V22h2v-2.069c3.939-.495 7-3.858 7-7.931h-2c0 3.309-2.691 6-6 6s-6-2.691-6-6z"
              />
            </svg>
            <svg
              fill="currentColor"
              height="1em"
              stroke="currentColor"
              stroke-width="0"
              viewBox="0 0 24 24"
              width="1em"
              xmlns="http://www.w3.org/2000/svg"
            >
              <path
                d="M0 0h24v24H0z"
                fill="none"
              />
              <path
                d="M10 13c.55 0 1 .45 1 1s-.45 1-1 1-1-.45-1-1 .45-1 1-1m0-2c-1.66 0-3 1.34-3 3s1.34 3 3 3 3-1.34 3-3-1.34-3-3-3zm8.5-2l1.09-2.41L22 5.5l-2.41-1.09L18.5 2l-1.09 2.41L15 5.5l2.41 1.09L18.5 9zm2.78 3.72L20.5 11l-.78 1.72-1.72.78 1.72.78.78 1.72.78-1.72L23 13.5l-1.72-.78zM16.25 14c0-.12 0-.25-.01-.37l1.94-1.47-2.5-4.33-2.24.94c-.2-.13-.42-.26-.64-.37L12.5 6h-5l-.3 2.41c-.22.11-.43.24-.64.37l-2.24-.95-2.5 4.33 1.94 1.47c-.01.12-.01.25-.01.37s0 .25.01.37l-1.94 1.47 2.5 4.33 2.24-.94c.2.13.42.26.64.37l.3 2.4h5l.3-2.41c.22-.11.43-.23.64-.37l2.24.94 2.5-4.33-1.94-1.47c.01-.11.01-.24.01-.36zm-1.42 3.64l-1.73-.73c-.56.6-1.3 1.04-2.13 1.23L10.73 20H9.27l-.23-1.86c-.83-.19-1.57-.63-2.13-1.23l-1.73.73-.73-1.27 1.49-1.13c-.12-.39-.18-.8-.18-1.23 0-.43.06-.84.18-1.23l-1.49-1.13.73-1.27 1.73.73c.56-.6 1.3-1.04 2.13-1.23L9.27 8h1.47l.23 1.86c.83.19 1.57.63 2.13 1.23l1.73-.73.73 1.27-1.49 1.13c.12.39.18.8.18 1.23 0 .43-.06.84-.18 1.23l1.49 1.13-.73 1.29z"
              />
            </svg>
          </div>
        </div>
        <div>
          <div>
            <div
              class="cercle2"
            />
            <div
              class="cercle1"
            />
            <h1
              class="title"
            >
              COVID-19 Live Now
            </h1>
            <div
              class="descriptions"
            >
              <p>
                The coronavirus COVID-19 is affecting 228 countries and territories.
              </p>
              <p>
                The day is reset after midnight GMT+0. The list of countries and their
              </p>
              <p>
                regional classification is based on the United Nations Geoscheme. Sources are provided
              </p>
              <p>
                under"Latest News." Learn more about Worldometer's COVID-19 data
              </p>
            </div>
            <select>
              <option
                value="All"
              >
                All
              </option>
            </select>
            <div
              class="cards"
            />
          </div>
        </div>
      </div>
    </div>
  </body>,
  "container": <div>
    <div
      class="App"
    >
      <div
        class="header"
      >
        <h1>
          Fight Covid-19
           
          <span>
            <svg
              class="user-icon"
              fill="currentColor"
              height="1em"
              stroke="currentColor"
              stroke-width="0"
              viewBox="0 0 24 24"
              width="1em"
              xmlns="http://www.w3.org/2000/svg"
            >
              <g>
                <path
                  d="M0 0H24V24H0z"
                  fill="none"
                />
                <path
                  d="M13.717 1.947l3.734 1.434-.717 1.867-.934-.359-.746 1.945c.779.462 1.444 1.094 1.945 1.846l1.903-.847-.407-.914 1.827-.813 1.627 3.654-1.827.813-.407-.913-1.902.847c.122.477.187.978.187 1.493 0 .406-.04.803-.117 1.187l1.944.746.358-.933 1.868.717-1.434 3.734-1.867-.717.358-.933-1.944-.747c-.462.779-1.094 1.444-1.846 1.945l.847 1.903.914-.407.813 1.827-3.654 1.627-.813-1.827.913-.407-.847-1.902c-.477.122-.978.187-1.493.187-.407 0-.804-.04-1.188-.118l-.746 1.945.934.358-.717 1.868-3.734-1.434.717-1.867.932.358.748-1.944C8.167 16.704 7.502 16.072 7 15.32l-1.903.847.407.914-1.827.813-1.627-3.654 1.827-.813.406.914 1.903-.848C6.065 13.016 6 12.515 6 12c0-.406.04-.803.117-1.187l-1.945-.746-.357.933-1.868-.717L3.381 6.55l1.867.717-.359.933 1.945.747C7.296 8.167 7.928 7.502 8.68 7l-.847-1.903-.914.407-.813-1.827L9.76 2.051l.813 1.827-.913.407.847 1.902C10.984 6.065 11.485 6 12 6c.406 0 .803.04 1.187.117l.745-1.945L13 3.815l.717-1.868zm-3.583 11.285c-.276.478-.112 1.09.366 1.366s1.09.112 1.366-.366.112-1.09-.366-1.366-1.09-.112-1.366.366zM14 11c-.552 0-1 .448-1 1s.448 1 1 1 1-.448 1-1-.448-1-1-1zm-3.5-1.598c-.478.276-.642.888-.366 1.366.276.478.888.642 1.366.366.478-.276.642-.888.366-1.366-.276-.478-.888-.642-1.366-.366z"
                />
              </g>
            </svg>
          </span>
        </h1>
        <div
          class="setings"
        >
          <svg
            fill="currentColor"
            height="1em"
            stroke="currentColor"
            stroke-width="0"
            viewBox="0 0 24 24"
            width="1em"
            xmlns="http://www.w3.org/2000/svg"
          >
            <path
              d="M16 12V6c0-2.217-1.785-4.021-3.979-4.021a.933.933 0 0 0-.209.025A4.006 4.006 0 0 0 8 6v6c0 2.206 1.794 4 4 4s4-1.794 4-4zm-6 0V6c0-1.103.897-2 2-2a.89.89 0 0 0 .163-.015C13.188 4.06 14 4.935 14 6v6c0 1.103-.897 2-2 2s-2-.897-2-2z"
            />
            <path
              d="M6 12H4c0 4.072 3.061 7.436 7 7.931V22h2v-2.069c3.939-.495 7-3.858 7-7.931h-2c0 3.309-2.691 6-6 6s-6-2.691-6-6z"
            />
          </svg>
          <svg
            fill="currentColor"
            height="1em"
            stroke="currentColor"
            stroke-width="0"
            viewBox="0 0 24 24"
            width="1em"
            xmlns="http://www.w3.org/2000/svg"
          >
            <path
              d="M0 0h24v24H0z"
              fill="none"
            />
            <path
              d="M10 13c.55 0 1 .45 1 1s-.45 1-1 1-1-.45-1-1 .45-1 1-1m0-2c-1.66 0-3 1.34-3 3s1.34 3 3 3 3-1.34 3-3-1.34-3-3-3zm8.5-2l1.09-2.41L22 5.5l-2.41-1.09L18.5 2l-1.09 2.41L15 5.5l2.41 1.09L18.5 9zm2.78 3.72L20.5 11l-.78 1.72-1.72.78 1.72.78.78 1.72.78-1.72L23 13.5l-1.72-.78zM16.25 14c0-.12 0-.25-.01-.37l1.94-1.47-2.5-4.33-2.24.94c-.2-.13-.42-.26-.64-.37L12.5 6h-5l-.3 2.41c-.22.11-.43.24-.64.37l-2.24-.95-2.5 4.33 1.94 1.47c-.01.12-.01.25-.01.37s0 .25.01.37l-1.94 1.47 2.5 4.33 2.24-.94c.2.13.42.26.64.37l.3 2.4h5l.3-2.41c.22-.11.43-.23.64-.37l2.24.94 2.5-4.33-1.94-1.47c.01-.11.01-.24.01-.36zm-1.42 3.64l-1.73-.73c-.56.6-1.3 1.04-2.13 1.23L10.73 20H9.27l-.23-1.86c-.83-.19-1.57-.63-2.13-1.23l-1.73.73-.73-1.27 1.49-1.13c-.12-.39-.18-.8-.18-1.23 0-.43.06-.84.18-1.23l-1.49-1.13.73-1.27 1.73.73c.56-.6 1.3-1.04 2.13-1.23L9.27 8h1.47l.23 1.86c.83.19 1.57.63 2.13 1.23l1.73-.73.73 1.27-1.49 1.13c.12.39.18.8.18 1.23 0 .43-.06.84-.18 1.23l1.49 1.13-.73 1.29z"
            />
          </svg>
        </div>
      </div>
      <div>
        <div>
          <div
            class="cercle2"
          />
          <div
            class="cercle1"
          />
          <h1
            class="title"
          >
            COVID-19 Live Now
          </h1>
          <div
            class="descriptions"
          >
            <p>
              The coronavirus COVID-19 is affecting 228 countries and territories.
            </p>
            <p>
              The day is reset after midnight GMT+0. The list of countries and their
            </p>
            <p>
              regional classification is based on the United Nations Geoscheme. Sources are provided
            </p>
            <p>
              under"Latest News." Learn more about Worldometer's COVID-19 data
            </p>
          </div>
          <select>
            <option
              value="All"
            >
              All
            </option>
          </select>
          <div
            class="cards"
          />
        </div>
      </div>
    </div>
  </div>,
  "debug": [Function],
  "findAllByAltText": [Function],
  "findAllByDisplayValue": [Function],
  "findAllByLabelText": [Function],
  "findAllByPlaceholderText": [Function],
  "findAllByRole": [Function],
  "findAllByTestId": [Function],
  "findAllByText": [Function],
  "findAllByTitle": [Function],
  "findByAltText": [Function],
  "findByDisplayValue": [Function],
  "findByLabelText": [Function],
  "findByPlaceholderText": [Function],
  "findByRole": [Function],
  "findByTestId": [Function],
  "findByText": [Function],
  "findByTitle": [Function],
  "getAllByAltText": [Function],
  "getAllByDisplayValue": [Function],
  "getAllByLabelText": [Function],
  "getAllByPlaceholderText": [Function],
  "getAllByRole": [Function],
  "getAllByTestId": [Function],
  "getAllByText": [Function],
  "getAllByTitle": [Function],
  "getByAltText": [Function],
  "getByDisplayValue": [Function],
  "getByLabelText": [Function],
  "getByPlaceholderText": [Function],
  "getByRole": [Function],
  "getByTestId": [Function],
  "getByText": [Function],
  "getByTitle": [Function],
  "queryAllByAltText": [Function],
  "queryAllByDisplayValue": [Function],
  "queryAllByLabelText": [Function],
  "queryAllByPlaceholderText": [Function],
  "queryAllByRole": [Function],
  "queryAllByTestId": [Function],
  "queryAllByText": [Function],
  "queryAllByTitle": [Function],
  "queryByAltText": [Function],
  "queryByDisplayValue": [Function],
  "queryByLabelText": [Function],
  "queryByPlaceholderText": [Function],
  "queryByRole": [Function],
  "queryByTestId": [Function],
  "queryByText": [Function],
  "queryByTitle": [Function],
  "rerender": [Function],
  "unmount": [Function],
}
`;

exports[`test PlayersList component check whether the component renders correctly 1`] = `
Object {
  "asFragment": [Function],
  "baseElement": <body>
    <div>
      <div
        class="App"
      >
        <div
          class="header"
        >
          <h1>
            Fight Covid-19
             
            <span>
              <svg
                class="user-icon"
                fill="currentColor"
                height="1em"
                stroke="currentColor"
                stroke-width="0"
                viewBox="0 0 24 24"
                width="1em"
                xmlns="http://www.w3.org/2000/svg"
              >
                <g>
                  <path
                    d="M0 0H24V24H0z"
                    fill="none"
                  />
                  <path
                    d="M13.717 1.947l3.734 1.434-.717 1.867-.934-.359-.746 1.945c.779.462 1.444 1.094 1.945 1.846l1.903-.847-.407-.914 1.827-.813 1.627 3.654-1.827.813-.407-.913-1.902.847c.122.477.187.978.187 1.493 0 .406-.04.803-.117 1.187l1.944.746.358-.933 1.868.717-1.434 3.734-1.867-.717.358-.933-1.944-.747c-.462.779-1.094 1.444-1.846 1.945l.847 1.903.914-.407.813 1.827-3.654 1.627-.813-1.827.913-.407-.847-1.902c-.477.122-.978.187-1.493.187-.407 0-.804-.04-1.188-.118l-.746 1.945.934.358-.717 1.868-3.734-1.434.717-1.867.932.358.748-1.944C8.167 16.704 7.502 16.072 7 15.32l-1.903.847.407.914-1.827.813-1.627-3.654 1.827-.813.406.914 1.903-.848C6.065 13.016 6 12.515 6 12c0-.406.04-.803.117-1.187l-1.945-.746-.357.933-1.868-.717L3.381 6.55l1.867.717-.359.933 1.945.747C7.296 8.167 7.928 7.502 8.68 7l-.847-1.903-.914.407-.813-1.827L9.76 2.051l.813 1.827-.913.407.847 1.902C10.984 6.065 11.485 6 12 6c.406 0 .803.04 1.187.117l.745-1.945L13 3.815l.717-1.868zm-3.583 11.285c-.276.478-.112 1.09.366 1.366s1.09.112 1.366-.366.112-1.09-.366-1.366-1.09-.112-1.366.366zM14 11c-.552 0-1 .448-1 1s.448 1 1 1 1-.448 1-1-.448-1-1-1zm-3.5-1.598c-.478.276-.642.888-.366 1.366.276.478.888.642 1.366.366.478-.276.642-.888.366-1.366-.276-.478-.888-.642-1.366-.366z"
                  />
                </g>
              </svg>
            </span>
          </h1>
          <div
            class="setings"
          >
            <svg
              fill="currentColor"
              height="1em"
              stroke="currentColor"
              stroke-width="0"
              viewBox="0 0 24 24"
              width="1em"
              xmlns="http://www.w3.org/2000/svg"
            >
              <path
                d="M16 12V6c0-2.217-1.785-4.021-3.979-4.021a.933.933 0 0 0-.209.025A4.006 4.006 0 0 0 8 6v6c0 2.206 1.794 4 4 4s4-1.794 4-4zm-6 0V6c0-1.103.897-2 2-2a.89.89 0 0 0 .163-.015C13.188 4.06 14 4.935 14 6v6c0 1.103-.897 2-2 2s-2-.897-2-2z"
              />
              <path
                d="M6 12H4c0 4.072 3.061 7.436 7 7.931V22h2v-2.069c3.939-.495 7-3.858 7-7.931h-2c0 3.309-2.691 6-6 6s-6-2.691-6-6z"
              />
            </svg>
            <svg
              fill="currentColor"
              height="1em"
              stroke="currentColor"
              stroke-width="0"
              viewBox="0 0 24 24"
              width="1em"
              xmlns="http://www.w3.org/2000/svg"
            >
              <path
                d="M0 0h24v24H0z"
                fill="none"
              />
              <path
                d="M10 13c.55 0 1 .45 1 1s-.45 1-1 1-1-.45-1-1 .45-1 1-1m0-2c-1.66 0-3 1.34-3 3s1.34 3 3 3 3-1.34 3-3-1.34-3-3-3zm8.5-2l1.09-2.41L22 5.5l-2.41-1.09L18.5 2l-1.09 2.41L15 5.5l2.41 1.09L18.5 9zm2.78 3.72L20.5 11l-.78 1.72-1.72.78 1.72.78.78 1.72.78-1.72L23 13.5l-1.72-.78zM16.25 14c0-.12 0-.25-.01-.37l1.94-1.47-2.5-4.33-2.24.94c-.2-.13-.42-.26-.64-.37L12.5 6h-5l-.3 2.41c-.22.11-.43.24-.64.37l-2.24-.95-2.5 4.33 1.94 1.47c-.01.12-.01.25-.01.37s0 .25.01.37l-1.94 1.47 2.5 4.33 2.24-.94c.2.13.42.26.64.37l.3 2.4h5l.3-2.41c.22-.11.43-.23.64-.37l2.24.94 2.5-4.33-1.94-1.47c.01-.11.01-.24.01-.36zm-1.42 3.64l-1.73-.73c-.56.6-1.3 1.04-2.13 1.23L10.73 20H9.27l-.23-1.86c-.83-.19-1.57-.63-2.13-1.23l-1.73.73-.73-1.27 1.49-1.13c-.12-.39-.18-.8-.18-1.23 0-.43.06-.84.18-1.23l-1.49-1.13.73-1.27 1.73.73c.56-.6 1.3-1.04 2.13-1.23L9.27 8h1.47l.23 1.86c.83.19 1.57.63 2.13 1.23l1.73-.73.73 1.27-1.49 1.13c.12.39.18.8.18 1.23 0 .43-.06.84-.18 1.23l1.49 1.13-.73 1.29z"
              />
            </svg>
          </div>
        </div>
        <div>
          <div>
            <div
              class="cercle2"
            />
            <div
              class="cercle1"
            />
            <h1
              class="title"
            >
              COVID-19 Live Now
            </h1>
            <div
              class="descriptions"
            >
              <p>
                The coronavirus COVID-19 is affecting 228 countries and territories.
              </p>
              <p>
                The day is reset after midnight GMT+0. The list of countries and their
              </p>
              <p>
                regional classification is based on the United Nations Geoscheme. Sources are provided
              </p>
              <p>
                under"Latest News." Learn more about Worldometer's COVID-19 data
              </p>
            </div>
            <select>
              <option
                value="All"
              >
                All
              </option>
            </select>
            <div
              class="cards"
            />
          </div>
        </div>
      </div>
    </div>
  </body>,
  "container": <div>
    <div
      class="App"
    >
      <div
        class="header"
      >
        <h1>
          Fight Covid-19
           
          <span>
            <svg
              class="user-icon"
              fill="currentColor"
              height="1em"
              stroke="currentColor"
              stroke-width="0"
              viewBox="0 0 24 24"
              width="1em"
              xmlns="http://www.w3.org/2000/svg"
            >
              <g>
                <path
                  d="M0 0H24V24H0z"
                  fill="none"
                />
                <path
                  d="M13.717 1.947l3.734 1.434-.717 1.867-.934-.359-.746 1.945c.779.462 1.444 1.094 1.945 1.846l1.903-.847-.407-.914 1.827-.813 1.627 3.654-1.827.813-.407-.913-1.902.847c.122.477.187.978.187 1.493 0 .406-.04.803-.117 1.187l1.944.746.358-.933 1.868.717-1.434 3.734-1.867-.717.358-.933-1.944-.747c-.462.779-1.094 1.444-1.846 1.945l.847 1.903.914-.407.813 1.827-3.654 1.627-.813-1.827.913-.407-.847-1.902c-.477.122-.978.187-1.493.187-.407 0-.804-.04-1.188-.118l-.746 1.945.934.358-.717 1.868-3.734-1.434.717-1.867.932.358.748-1.944C8.167 16.704 7.502 16.072 7 15.32l-1.903.847.407.914-1.827.813-1.627-3.654 1.827-.813.406.914 1.903-.848C6.065 13.016 6 12.515 6 12c0-.406.04-.803.117-1.187l-1.945-.746-.357.933-1.868-.717L3.381 6.55l1.867.717-.359.933 1.945.747C7.296 8.167 7.928 7.502 8.68 7l-.847-1.903-.914.407-.813-1.827L9.76 2.051l.813 1.827-.913.407.847 1.902C10.984 6.065 11.485 6 12 6c.406 0 .803.04 1.187.117l.745-1.945L13 3.815l.717-1.868zm-3.583 11.285c-.276.478-.112 1.09.366 1.366s1.09.112 1.366-.366.112-1.09-.366-1.366-1.09-.112-1.366.366zM14 11c-.552 0-1 .448-1 1s.448 1 1 1 1-.448 1-1-.448-1-1-1zm-3.5-1.598c-.478.276-.642.888-.366 1.366.276.478.888.642 1.366.366.478-.276.642-.888.366-1.366-.276-.478-.888-.642-1.366-.366z"
                />
              </g>
            </svg>
          </span>
        </h1>
        <div
          class="setings"
        >
          <svg
            fill="currentColor"
            height="1em"
            stroke="currentColor"
            stroke-width="0"
            viewBox="0 0 24 24"
            width="1em"
            xmlns="http://www.w3.org/2000/svg"
          >
            <path
              d="M16 12V6c0-2.217-1.785-4.021-3.979-4.021a.933.933 0 0 0-.209.025A4.006 4.006 0 0 0 8 6v6c0 2.206 1.794 4 4 4s4-1.794 4-4zm-6 0V6c0-1.103.897-2 2-2a.89.89 0 0 0 .163-.015C13.188 4.06 14 4.935 14 6v6c0 1.103-.897 2-2 2s-2-.897-2-2z"
            />
            <path
              d="M6 12H4c0 4.072 3.061 7.436 7 7.931V22h2v-2.069c3.939-.495 7-3.858 7-7.931h-2c0 3.309-2.691 6-6 6s-6-2.691-6-6z"
            />
          </svg>
          <svg
            fill="currentColor"
            height="1em"
            stroke="currentColor"
            stroke-width="0"
            viewBox="0 0 24 24"
            width="1em"
            xmlns="http://www.w3.org/2000/svg"
          >
            <path
              d="M0 0h24v24H0z"
              fill="none"
            />
            <path
              d="M10 13c.55 0 1 .45 1 1s-.45 1-1 1-1-.45-1-1 .45-1 1-1m0-2c-1.66 0-3 1.34-3 3s1.34 3 3 3 3-1.34 3-3-1.34-3-3-3zm8.5-2l1.09-2.41L22 5.5l-2.41-1.09L18.5 2l-1.09 2.41L15 5.5l2.41 1.09L18.5 9zm2.78 3.72L20.5 11l-.78 1.72-1.72.78 1.72.78.78 1.72.78-1.72L23 13.5l-1.72-.78zM16.25 14c0-.12 0-.25-.01-.37l1.94-1.47-2.5-4.33-2.24.94c-.2-.13-.42-.26-.64-.37L12.5 6h-5l-.3 2.41c-.22.11-.43.24-.64.37l-2.24-.95-2.5 4.33 1.94 1.47c-.01.12-.01.25-.01.37s0 .25.01.37l-1.94 1.47 2.5 4.33 2.24-.94c.2.13.42.26.64.37l.3 2.4h5l.3-2.41c.22-.11.43-.23.64-.37l2.24.94 2.5-4.33-1.94-1.47c.01-.11.01-.24.01-.36zm-1.42 3.64l-1.73-.73c-.56.6-1.3 1.04-2.13 1.23L10.73 20H9.27l-.23-1.86c-.83-.19-1.57-.63-2.13-1.23l-1.73.73-.73-1.27 1.49-1.13c-.12-.39-.18-.8-.18-1.23 0-.43.06-.84.18-1.23l-1.49-1.13.73-1.27 1.73.73c.56-.6 1.3-1.04 2.13-1.23L9.27 8h1.47l.23 1.86c.83.19 1.57.63 2.13 1.23l1.73-.73.73 1.27-1.49 1.13c.12.39.18.8.18 1.23 0 .43-.06.84-.18 1.23l1.49 1.13-.73 1.29z"
            />
          </svg>
        </div>
      </div>
      <div>
        <div>
          <div
            class="cercle2"
          />
          <div
            class="cercle1"
          />
          <h1
            class="title"
          >
            COVID-19 Live Now
          </h1>
          <div
            class="descriptions"
          >
            <p>
              The coronavirus COVID-19 is affecting 228 countries and territories.
            </p>
            <p>
              The day is reset after midnight GMT+0. The list of countries and their
            </p>
            <p>
              regional classification is based on the United Nations Geoscheme. Sources are provided
            </p>
            <p>
              under"Latest News." Learn more about Worldometer's COVID-19 data
            </p>
          </div>
          <select>
            <option
              value="All"
            >
              All
            </option>
          </select>
          <div
            class="cards"
          />
        </div>
      </div>
    </div>
  </div>,
  "debug": [Function],
  "findAllByAltText": [Function],
  "findAllByDisplayValue": [Function],
  "findAllByLabelText": [Function],
  "findAllByPlaceholderText": [Function],
  "findAllByRole": [Function],
  "findAllByTestId": [Function],
  "findAllByText": [Function],
  "findAllByTitle": [Function],
  "findByAltText": [Function],
  "findByDisplayValue": [Function],
  "findByLabelText": [Function],
  "findByPlaceholderText": [Function],
  "findByRole": [Function],
  "findByTestId": [Function],
  "findByText": [Function],
  "findByTitle": [Function],
  "getAllByAltText": [Function],
  "getAllByDisplayValue": [Function],
  "getAllByLabelText": [Function],
  "getAllByPlaceholderText": [Function],
  "getAllByRole": [Function],
  "getAllByTestId": [Function],
  "getAllByText": [Function],
  "getAllByTitle": [Function],
  "getByAltText": [Function],
  "getByDisplayValue": [Function],
  "getByLabelText": [Function],
  "getByPlaceholderText": [Function],
  "getByRole": [Function],
  "getByTestId": [Function],
  "getByText": [Function],
  "getByTitle": [Function],
  "queryAllByAltText": [Function],
  "queryAllByDisplayValue": [Function],
  "queryAllByLabelText": [Function],
  "queryAllByPlaceholderText": [Function],
  "queryAllByRole": [Function],
  "queryAllByTestId": [Function],
  "queryAllByText": [Function],
  "queryAllByTitle": [Function],
  "queryByAltText": [Function],
  "queryByDisplayValue": [Function],
  "queryByLabelText": [Function],
  "queryByPlaceholderText": [Function],
  "queryByRole": [Function],
  "queryByTestId": [Function],
  "queryByText": [Function],
  "queryByTitle": [Function],
  "rerender": [Function],
  "unmount": [Function],
}
`;
